0.00000000e+00 0.00000000e+00 0.00000000e+00 0.00000000e+00 0.00000000e+00 0.00000000e+00 0.00000000e+00 0.00000000e+00 0.00000000e+00 0.00000000e+00 0.00000000e+00 0.00000000e+00
2.50000000e-04 0.00000000e+00 0.00000000e+00 0.00000000e+00 0.00000000e+00 0.00000000e+00 2.94477005e+01 1.45040997e+01 1.45040992e+01 3.14520782e-06 9.61358267e-07 -8.79253385e-08
5.00000000e-04 0.00000000e+00 0.00000000e+00 0.00000000e+00 0.00000000e+00 0.00000000e+00 5.88954007e+01 2.90081909e+01 2.90081902e+01 3.11287684e-06 9.06898539e-07 -4.14387068e-08
7.50000000e-04 0.00000000e+00 0.00000000e+00 0.00000000e+00 0.00000000e+00 0.00000000e+00 8.83431008e+01 4.35122820e+01 4.35122813e+01 3.08148828e-06 9.32369059e-07 -5.28195470e-08
1.00000000e-03 0.00000000e+00 0.00000000e+00 0.00000000e+00 0.00000000e+00 0.00000000e+00 1.17790801e+02 5.80163731e+01 5.80163722e+01 2.95486814e-06 7.99879612e-07 -7.93006806e-08
1.25000000e-03 0.00000000e+00 0.00000000e+00 0.00000000e+00 0.00000000e+00 0.00000000e+00 1.47238501e+02 7.25204642e+01 7.25204635e+01 3.11720093e-06 9.01323110e-07 -4.85595190e-08
1.50000000e-03 0.00000000e+00 0.00000000e+00 0.00000000e+00 0.00000000e+00 0.00000000e+00 1.76686201e+02 8.70245554e+01 8.70245545e+01 3.16163917e-06 8.87709110e-07 -1.77224467e-07
1.75000000e-03 0.00000000e+00 0.00000000e+00 0.00000000e+00 0.00000000e+00 0.00000000e+00 2.06212177e+02 1.01536323e+02 1.01537316e+02 6.33693871e-02 1.11721555e-03 4.59176403e-02
2.00000000e-03 0.00000000e+00 0.00000000e+00 0.00000000e+00 0.00000000e+00 0.00000000e+00 2.35655464e+02 1.16042741e+02 1.16042238e+02 6.14913469e-02 3.12363750e-03 4.27710131e-02
2.25000000e-03 0.00000000e+00 0.00000000e+00 0.00000000e+00 0.00000000e+00 0.00000000e+00 2.65103352e+02 1.30547234e+02 1.30546371e+02 6.17396810e-02 3.25634115e-03 4.30047992e-02
2.50000000e-03 0.00000000e+00 0.00000000e+00 0.00000000e+00 0.00000000e+00 0.00000000e+00 2.94550991e+02 1.45051307e+02 1.45050454e+02 6.17100879e-02 3.24399985e-03 4.29364244e-02
2.75000000e-03 0.00000000e+00 0.00000000e+00 0.00000000e+00 0.00000000e+00 0.00000000e+00 3.23998915e+02 1.59555263e+02 1.59554578e+02 6.18767150e-02 3.30329834e-03 4.30924802e-02
3.00000000e-03 0.00000000e+00 0.00000000e+00 0.00000000e+00 0.00000000e+00 0.00000000e+00 3.53446453e+02 1.74059597e+02 1.74058625e+02 6.17098457e-02 3.27768431e-03 4.30398570e-02
3.25000000e-03 0.00000000e+00 0.00000000e+00 0.00000000e+00 0.00000000e+00 0.00000000e+00 3.82894138e+02 1.88563632e+02 1.88562748e+02 6.17420033e-02 3.28076595e-03 4.29994047e-02
3.50000000e-03 0.00000000e+00 0.00000000e+00 0.00000000e+00 0.00000000e+00 0.00000000e+00 4.12341936e+02 2.03067776e+02 2.03066754e+02 6.18118333e-02 3.27044471e-03 4.30640967e-02
3.75000000e-03 0.00000000e+00 0.00000000e+00 0.00000000e+00 0.00000000e+00 0.00000000e+00 4.41789706e+02 2.17571628e+02 2.17570949e+02 6.18724029e-02 3.30909493e-03 4.30864368e-02
4.00000000e-03 0.00000000e+00 0.00000000e+00 0.00000000e+00 0.00000000e+00 0.00000000e+00 4.71237221e+02 2.32075908e+02 2.32075024e+02 6.17354591e-02 3.28435549e-03 4.29873682e-02
4.25000000e-03 0.00000000e+00 0.00000000e+00 0.00000000e+00 0.00000000e+00 0.00000000e+00 5.00684761e+02 2.46580310e+02 2.46578827e+02 6.15313804e-02 3.21388394e-03 4.29370891e-02
4.50000000e-03 0.00000000e+00 0.00000000e+00 0.00000000e+00 0.00000000e+00 0.00000000e+00 5.30132812e+02 2.61083898e+02 2.61083230e+02 6.18721237e-02 3.30336486e-03 4.30960483e-02
4.75000000e-03 0.00000000e+00 0.00000000e+00 0.00000000e+00 0.00000000e+00 0.00000000e+00 5.59580504e+02 2.75587990e+02 2.75587318e+02 6.18722449e-02 3.31129802e-03 4.30846324e-02
5.00000000e-03 0.00000000e+00 0.00000000e+00 0.00000000e+00 0.00000000e+00 0.00000000e+00 5.89028026e+02 2.90092274e+02 2.90091386e+02 6.17374580e-02 3.28299184e-03 4.29904476e-02
5.25000000e-03 0.00000000e+00 0.00000000e+00 0.00000000e+00 0.00000000e+00 0.00000000e+00 6.18475695e+02 3.04596313e+02 3.04595458e+02 6.17135207e-02 3.24681525e-03 4.29388495e-02
5.50000000e-03 0.00000000e+00 0.00000000e+00 0.00000000e+00 0.00000000e+00 0.00000000e+00 6.47923616e+02 3.19100266e+02 3.19099580e+02 6.18768867e-02 3.30368369e-03 4.30925689e-02
5.75000000e-03 0.00000000e+00 0.00000000e+00 0.00000000e+00 0.00000000e+00 0.00000000e+00 6.77371155e+02 3.33604599e+02 3.33603627e+02 6.17101322e-02 3.27755896e-03 4.30402864e-02
6.00000000e-03 0.00000000e+00 0.00000000e+00 0.00000000e+00 0.00000000e+00 0.00000000e+00 7.06818839e+02 3.48108634e+02 3.48107750e+02 6.17418965e-02 3.28076236e-03 4.29993692e-02
6.25000000e-03 0.00000000e+00 0.00000000e+00 0.00000000e+00 0.00000000e+00 0.00000000e+00 7.36266638e+02 3.62612778e+02 3.62611757e+02 6.18118965e-02 3.27037481e-03 4.30639330e-02
6.50000000e-03 0.00000000e+00 0.00000000e+00 0.00000000e+00 0.00000000e+00 0.00000000e+00 7.65714407e+02 3.77116630e+02 3.77115951e+02 6.18722333e-02 3.30907997e-03 4.30862275e-02
6.75000000e-03 0.00000000e+00 0.00000000e+00 0.00000000e+00 0.00000000e+00 0.00000000e+00 7.95161922e+02 3.91620910e+02 3.91620027e+02 6.17352207e-02 3.28446243e-03 4.29870797e-02
7.00000000e-03 0.00000000e+00 0.00000000e+00 0.00000000e+00 0.00000000e+00 0.00000000e+00 8.24609463e+02 4.06125312e+02 4.06123829e+02 6.15313903e-02 3.21387888e-03 4.29371338e-02
7.25000000e-03 0.00000000e+00 0.00000000e+00 0.00000000e+00 0.00000000e+00 0.00000000e+00 8.54054516e+02 4.20630160e+02 4.20629508e+02 6.18466599e-02 3.30179734e-03 4.30780125e-02
7.50000000e-03 0.00000000e+00 0.00000000e+00 0.00000000e+00 0.00000000e+00 0.00000000e+00 8.80978059e+02 4.36396767e+02 4.36396138e+02 6.18098005e-02 3.34181736e-03 4.26694654e-02
7.75000000e-03 0.00000000e+00 0.00000000e+00 0.00000000e+00 0.00000000e+00 0.00000000e+00 9.01480538e+02 4.55361641e+02 4.55362622e+02 6.13505383e-02 2.85457274e-03 4.29501473e-02
8.00000000e-03 0.00000000e+00 0.00000000e+00 0.00000000e+00 0.00000000e+00 0.00000000e+00 9.21959323e+02 4.74360371e+02 4.74359882e+02 6.04542623e-02 2.90113866e-03 4.19805128e-02
8.25000000e-03 0.00000000e+00 0.00000000e+00 0.00000000e+00 0.00000000e+00 0.00000000e+00 9.42419311e+02 4.93360107e+02 4.93359625e+02 6.03922559e-02 3.00761114e-03 4.19617430e-02
8.50000000e-03 0.00000000e+00 0.00000000e+00 0.00000000e+00 0.00000000e+00 0.00000000e+00 9.62863200e+02 5.12366346e+02 5.12365576e+02 6.01260441e-02 3.02798202e-03 4.18621942e-02
8.75000000e-03 0.00000000e+00 0.00000000e+00 0.00000000e+00 0.00000000e+00 0.00000000e+00 9.83292308e+02 5.31379568e+02 5.31378829e+02 6.01076099e-02 3.06024035e-03 4.18236127e-02
9.00000000e-03 0.00000000e+00 0.00000000e+00 0.00000000e+00 0.00000000e+00 0.00000000e+00 1.00370708e+03 5.50400095e+02 5.50399220e+02 6.01546445e-02 3.06836828e-03 4.18999785e-02
9.25000000e-03 0.00000000e+00 0.00000000e+00 0.00000000e+00 0.00000000e+00 0.00000000e+00 1.02410763e+03 5.69427511e+02 5.69426926e+02 6.02058774e-02 3.11573889e-03 4.19378748e-02
9.50000000e-03 0.00000000e+00 0.00000000e+00 0.00000000e+00 0.00000000e+00 0.00000000e+00 1.04449393e+03 5.88462352e+02 5.88461599e+02 6.00670239e-02 3.09824346e-03 4.18536027e-02
9.75000000e-03 0.00000000e+00 0.00000000e+00 0.00000000e+00 0.00000000e+00 0.00000000e+00 1.06486627e+03 6.07504314e+02 6.07502999e+02 5.98642467e-02 3.03518767e-03 4.18114570e-02
1.00000000e-02 0.00000000e+00 0.00000000e+00 0.00000000e+00 0.00000000e+00 0.00000000e+00 1.08522520e+03 6.26552448e+02 6.26551827e+02 6.01933813e-02 3.12440817e-03 4.19678531e-02
1.02500000e-02 0.00000000e+00 0.00000000e+00 0.00000000e+00 0.00000000e+00 0.00000000e+00 1.10557040e+03 6.45607771e+02 6.45607202e+02 6.02013472e-02 3.13229301e-03 4.19682397e-02
1.05000000e-02 0.00000000e+00 0.00000000e+00 0.00000000e+00 0.00000000e+00 0.00000000e+00 1.12590200e+03 6.64670019e+02 6.64669257e+02 6.00694016e-02 3.10611087e-03 4.18793879e-02
1.07500000e-02 0.00000000e+00 0.00000000e+00 0.00000000e+00 0.00000000e+00 0.00000000e+00 1.14622039e+03 6.83738699e+02 6.83737950e+02 6.00459809e-02 3.07314590e-03 4.18298555e-02
1.10000000e-02 0.00000000e+00 0.00000000e+00 0.00000000e+00 0.00000000e+00 0.00000000e+00 1.16652589e+03 7.02813837e+02 7.02813240e+02 6.02094697e-02 3.12844173e-03 4.19829240e-02
1.12500000e-02 0.00000000e+00 0.00000000e+00 0.00000000e+00 0.00000000e+00 0.00000000e+00 1.18681827e+03 7.21895761e+02 7.21894919e+02 6.00527232e-02 3.10236965e-03 4.19369439e-02
1.15000000e-02 0.00000000e+00 0.00000000e+00 0.00000000e+00 0.00000000e+00 0.00000000e+00 1.20709791e+03 7.40983828e+02 7.40983044e+02 6.00823735e-02 3.10603044e-03 4.18970866e-02
1.17500000e-02 0.00000000e+00 0.00000000e+00 0.00000000e+00 0.00000000e+00 0.00000000e+00 1.22736506e+03 7.60078270e+02 7.60077367e+02 6.01534236e-02 3.09693482e-03 4.19607215e-02
1.20000000e-02 0.00000000e+00 0.00000000e+00 0.00000000e+00 0.00000000e+00 0.00000000e+00 1.24761980e+03 7.79178664e+02 7.79178062e+02 6.02183010e-02 3.13390483e-03 4.19867573e-02
1.22500000e-02 0.00000000e+00 0.00000000e+00 0.00000000e+00 0.00000000e+00 0.00000000e+00 1.26786211e+03 7.98285550e+02 7.98284787e+02 6.00878092e-02 3.11022936e-03 4.18934852e-02
1.25000000e-02 0.00000000e+00 0.00000000e+00 0.00000000e+00 0.00000000e+00 0.00000000e+00 1.28809228e+03 8.17398628e+02 8.17397306e+02 5.98900998e-02 3.04318963e-03 4.18450822e-02
1.27500000e-02 0.00000000e+00 0.00000000e+00 0.00000000e+00 0.00000000e+00 0.00000000e+00 1.30831086e+03 8.36516955e+02 8.36516327e+02 6.02227229e-02 3.13002427e-03 4.19973200e-02
1.30000000e-02 0.00000000e+00 0.00000000e+00 0.00000000e+00 0.00000000e+00 0.00000000e+00 1.32851754e+03 8.55641552e+02 8.55640977e+02 6.02327843e-02 3.13639341e-03 4.19948423e-02
1.32500000e-02 0.00000000e+00 0.00000000e+00 0.00000000e+00 0.00000000e+00 0.00000000e+00 1.34871243e+03 8.74772160e+02 8.74771397e+02 6.01037550e-02 3.10938999e-03 4.19054679e-02
1.35000000e-02 0.00000000e+00 0.00000000e+00 0.00000000e+00 0.00000000e+00 0.00000000e+00 1.36889592e+03 8.93908298e+02 8.93907546e+02 6.00795450e-02 3.07569587e-03 4.18531430e-02
1.37500000e-02 0.00000000e+00 0.00000000e+00 0.00000000e+00 0.00000000e+00 0.00000000e+00 1.38906831e+03 9.13049994e+02 9.13049394e+02 6.02438202e-02 3.13047394e-03 4.20058776e-02
1.40000000e-02 0.00000000e+00 0.00000000e+00 0.00000000e+00 0.00000000e+00 0.00000000e+00 1.40922936e+03 9.32197582e+02 9.32196736e+02 6.00944974e-02 3.10425372e-03 4.19666624e-02
1.42500000e-02 0.00000000e+00 0.00000000e+00 0.00000000e+00 0.00000000e+00 0.00000000e+00 1.42937945e+03 9.51350429e+02 9.51349642e+02 6.01162223e-02 3.10772382e-03 4.19179667e-02
1.45000000e-02 0.00000000e+00 0.00000000e+00 0.00000000e+00 0.00000000e+00 0.00000000e+00 1.44951880e+03 9.70508770e+02 9.70507865e+02 6.01872439e-02 3.09838069e-03 4.19812931e-02
1.47500000e-02 0.00000000e+00 0.00000000e+00 0.00000000e+00 0.00000000e+00 0.00000000e+00 1.46964748e+03 9.89672192e+02 9.89671588e+02 6.02517780e-02 3.13526026e-03 4.20070326e-02
1.50000000e-02 0.00000000e+00 0.00000000e+00 0.00000000e+00 0.00000000e+00 0.00000000e+00 1.48976546e+03 1.00884124e+03 1.00884048e+03 6.01208748e-02 3.11145766e-03 4.19133702e-02
